2026-09-07 03:34:53.917   Log opened. (Time zone: UTC+02:00)
2026-09-07 03:34:53.917   Setup version: Inno Setup version 7.1.0 (32-bit)
2026-09-07 03:34:53.917   Original Setup EXE: G:\Tools\VRAudio\AmbientSynth\Deploy\out\AmbientSynth-1.1.0-Setup.exe
2026-09-07 03:34:53.917   Setup command line: /SL5="$146E1CC2,12711209,872960,G:\Tools\VRAudio\AmbientSynth\Deploy\out\AmbientSynth-1.1.0-Setup.exe" /SPAWNWND=$52E3B6C /FIRSTWND=$A823D34 /VERYSILENT /SUPPRESSMSGBOXES /NORESTART /TYPE=custom /COMPONENTS=standalone,vst3,packs /LOG=Deploy\install.log 
2026-09-07 03:34:53.917   Compatibility mode: Yes (DetectorsAppHealth)
2026-09-07 03:34:53.917   Windows version: 10.0.26100
2026-09-07 03:34:53.917   Windows architecture: x64 (64-bit)
2026-09-07 03:34:53.917   Machine types supported by system: x86 x64
2026-09-07 03:34:53.917   User privileges: Administrative
2026-09-07 03:34:53.951   Administrative install mode: Yes
2026-09-07 03:34:53.951   Install mode root key: HKEY_LOCAL_MACHINE
2026-09-07 03:34:53.951   64-bit install mode: Yes
2026-09-07 03:34:53.952   RedirectionGuard status for current process: Enabled in enforcing mode
2026-09-07 03:34:53.954   Created protected temporary directory: C:\Users\Rene\AppData\Local\Temp\is-P3784JJN6S.tmp
2026-09-07 03:34:54.064   -- DLL function import --
2026-09-07 03:34:54.064   Function and DLL name: IsProcessorFeaturePresent@kernel32.dll
2026-09-07 03:34:54.064   Importing the DLL function. Dest DLL name: kernel32.dll
2026-09-07 03:34:54.064   Successfully imported the DLL function. Delay loaded? No
2026-09-07 03:34:58.869   Found 1 files to register with RestartManager.
2026-09-07 03:34:58.869   Calling RestartManager's RmGetList.
2026-09-07 03:34:58.881   RmGetList finished successfully.
2026-09-07 03:34:58.881   RestartManager found no applications using one of our files.
2026-09-07 03:34:58.885   Starting the installation process.
2026-09-07 03:34:58.902   Creating directory: \\?\C:\Program Files\AmbientSynth
2026-09-07 03:34:58.902   Directory for uninstall files: C:\Program Files\AmbientSynth
2026-09-07 03:34:58.903   Creating new uninstall log: C:\Program Files\AmbientSynth\unins000.dat
2026-09-07 03:34:58.906   -- File entry --
2026-09-07 03:34:58.906   Dest filename: C:\Program Files\AmbientSynth\unins000.exe
2026-09-07 03:34:58.906   Non-default bitness: 32-bit
2026-09-07 03:34:58.909   Time stamp of our file: 2026-09-07T01:34:53.460Z
2026-09-07 03:34:58.909   Installing the file.
2026-09-07 03:34:59.018   Successfully installed the file.
2026-09-07 03:34:59.018   -- File entry --
2026-09-07 03:34:59.018   Dest filename: \\?\C:\Program Files\AmbientSynth\AmbientSynth.exe
2026-09-07 03:34:59.018   Time stamp of our file: 2026-09-07T01:22:12.000Z
2026-09-07 03:34:59.018   Installing the file.
2026-09-07 03:34:59.264   Successfully installed the file.
2026-09-07 03:34:59.266   -- File entry --
2026-09-07 03:34:59.266   Dest filename: \\?\C:\Program Files\AmbientSynth\LICENSE.txt
2026-09-07 03:34:59.266   Time stamp of our file: 2026-09-04T09:58:10.000Z
2026-09-07 03:34:59.266   Installing the file.
2026-09-07 03:34:59.267   Successfully installed the file.
2026-09-07 03:34:59.267   -- File entry --
2026-09-07 03:34:59.267   Dest filename: \\?\C:\Program Files\AmbientSynth\README.txt
2026-09-07 03:34:59.268   Time stamp of our file: 2026-09-07T01:22:46.000Z
2026-09-07 03:34:59.268   Installing the file.
2026-09-07 03:34:59.269   Successfully installed the file.
2026-09-07 03:34:59.269   -- File entry --
2026-09-07 03:34:59.269   Dest filename: \\?\C:\Program Files\AmbientSynth\AmbientSynth-Manual.pdf
2026-09-07 03:34:59.269   Time stamp of our file: 2026-09-07T01:13:40.000Z
2026-09-07 03:34:59.269   Installing the file.
2026-09-07 03:34:59.460   Successfully installed the file.
2026-09-07 03:34:59.460   -- File entry --
2026-09-07 03:34:59.460   Dest filename: \\?\C:\Program Files\Common Files\VST3\AmbientSynth.vst3\desktop.ini
2026-09-07 03:34:59.461   Time stamp of our file: 2026-09-05T19:47:52.000Z
2026-09-07 03:34:59.461   Installing the file.
2026-09-07 03:34:59.461   Creating directory: \\?\C:\Program Files\Common Files\VST3\AmbientSynth.vst3
2026-09-07 03:34:59.462   Successfully installed the file.
2026-09-07 03:34:59.462   -- File entry --
2026-09-07 03:34:59.462   Dest filename: \\?\C:\Program Files\Common Files\VST3\AmbientSynth.vst3\Plugin.ico
2026-09-07 03:34:59.463   Time stamp of our file: 2026-09-07T01:21:44.000Z
2026-09-07 03:34:59.463   Installing the file.
2026-09-07 03:34:59.465   Successfully installed the file.
2026-09-07 03:34:59.465   -- File entry --
2026-09-07 03:34:59.465   Dest filename: \\?\C:\Program Files\Common Files\VST3\AmbientSynth.vst3\Contents\Resources\moduleinfo.json
2026-09-07 03:34:59.465   Time stamp of our file: 2026-09-07T01:21:46.000Z
2026-09-07 03:34:59.465   Installing the file.
2026-09-07 03:34:59.466   Creating directory: \\?\C:\Program Files\Common Files\VST3\AmbientSynth.vst3\Contents
2026-09-07 03:34:59.466   Creating directory: \\?\C:\Program Files\Common Files\VST3\AmbientSynth.vst3\Contents\Resources
2026-09-07 03:34:59.469   Successfully installed the file.
2026-09-07 03:34:59.469   -- File entry --
2026-09-07 03:34:59.469   Dest filename: \\?\C:\Program Files\Common Files\VST3\AmbientSynth.vst3\Contents\x86_64-win\AmbientSynth.vst3
2026-09-07 03:34:59.470   Time stamp of our file: 2026-09-07T01:21:44.000Z
2026-09-07 03:34:59.470   Installing the file.
2026-09-07 03:34:59.470   Creating directory: \\?\C:\Program Files\Common Files\VST3\AmbientSynth.vst3\Contents\x86_64-win
2026-09-07 03:34:59.678   Successfully installed the file.
2026-09-07 03:34:59.678   -- File entry --
2026-09-07 03:34:59.678   Dest filename: \\?\C:\ProgramData\AmbientSynth\Packs\Aldebaran.ambientpack
2026-09-07 03:34:59.678   Time stamp of our file: 2026-09-07T00:44:54.000Z
2026-09-07 03:34:59.678   Installing the file.
2026-09-07 03:34:59.678   Creating directory: \\?\C:\ProgramData\AmbientSynth
2026-09-07 03:34:59.680   Creating directory: \\?\C:\ProgramData\AmbientSynth\Packs
2026-09-07 03:34:59.687   Successfully installed the file.
2026-09-07 03:34:59.688   -- File entry --
2026-09-07 03:34:59.688   Dest filename: \\?\C:\ProgramData\AmbientSynth\Packs\Chamber-Grey.ambientpack
2026-09-07 03:34:59.688   Time stamp of our file: 2026-09-07T00:44:54.000Z
2026-09-07 03:34:59.688   Installing the file.
2026-09-07 03:34:59.696   Successfully installed the file.
2026-09-07 03:34:59.696   -- File entry --
2026-09-07 03:34:59.696   Dest filename: \\?\C:\ProgramData\AmbientSynth\Packs\Corridor.ambientpack
2026-09-07 03:34:59.696   Time stamp of our file: 2026-09-07T00:44:54.000Z
2026-09-07 03:34:59.696   Installing the file.
2026-09-07 03:34:59.704   Successfully installed the file.
2026-09-07 03:34:59.704   -- File entry --
2026-09-07 03:34:59.704   Dest filename: \\?\C:\ProgramData\AmbientSynth\Packs\Cryo-Chamber.ambientpack
2026-09-07 03:34:59.704   Time stamp of our file: 2026-09-07T00:44:54.000Z
2026-09-07 03:34:59.704   Installing the file.
2026-09-07 03:34:59.714   Successfully installed the file.
2026-09-07 03:34:59.714   -- File entry --
2026-09-07 03:34:59.714   Dest filename: \\?\C:\ProgramData\AmbientSynth\Packs\Deep-Earth.ambientpack
2026-09-07 03:34:59.714   Time stamp of our file: 2026-09-07T00:44:54.000Z
2026-09-07 03:34:59.714   Installing the file.
2026-09-07 03:34:59.720   Successfully installed the file.
2026-09-07 03:34:59.720   -- File entry --
2026-09-07 03:34:59.720   Dest filename: \\?\C:\ProgramData\AmbientSynth\Packs\Desert-Ember.ambientpack
2026-09-07 03:34:59.721   Time stamp of our file: 2026-09-07T00:44:54.000Z
2026-09-07 03:34:59.721   Installing the file.
2026-09-07 03:34:59.728   Successfully installed the file.
2026-09-07 03:34:59.728   -- File entry --
2026-09-07 03:34:59.728   Dest filename: \\?\C:\ProgramData\AmbientSynth\Packs\Field-Absence.ambientpack
2026-09-07 03:34:59.728   Time stamp of our file: 2026-09-07T00:44:54.000Z
2026-09-07 03:34:59.728   Installing the file.
2026-09-07 03:34:59.736   Successfully installed the file.
2026-09-07 03:34:59.736   -- File entry --
2026-09-07 03:34:59.736   Dest filename: \\?\C:\ProgramData\AmbientSynth\Packs\Field-Recordings.ambientpack
2026-09-07 03:34:59.737   Time stamp of our file: 2026-09-07T00:44:54.000Z
2026-09-07 03:34:59.737   Installing the file.
2026-09-07 03:34:59.745   Successfully installed the file.
2026-09-07 03:34:59.745   -- File entry --
2026-09-07 03:34:59.745   Dest filename: \\?\C:\ProgramData\AmbientSynth\Packs\Filter-Cubes.ambientpack
2026-09-07 03:34:59.745   Time stamp of our file: 2026-09-07T00:44:54.000Z
2026-09-07 03:34:59.745   Installing the file.
2026-09-07 03:34:59.753   Successfully installed the file.
2026-09-07 03:34:59.753   -- File entry --
2026-09-07 03:34:59.753   Dest filename: \\?\C:\ProgramData\AmbientSynth\Packs\Ghost-Signal.ambientpack
2026-09-07 03:34:59.753   Time stamp of our file: 2026-09-07T00:44:54.000Z
2026-09-07 03:34:59.753   Installing the file.
2026-09-07 03:34:59.761   Successfully installed the file.
2026-09-07 03:34:59.761   -- File entry --
2026-09-07 03:34:59.763   Dest filename: \\?\C:\ProgramData\AmbientSynth\Packs\Glass-Vitrine.ambientpack
2026-09-07 03:34:59.763   Time stamp of our file: 2026-09-07T00:44:54.000Z
2026-09-07 03:34:59.763   Installing the file.
2026-09-07 03:34:59.773   Successfully installed the file.
2026-09-07 03:34:59.773   -- File entry --
2026-09-07 03:34:59.773   Dest filename: \\?\C:\ProgramData\AmbientSynth\Packs\Held-Moment.ambientpack
2026-09-07 03:34:59.773   Time stamp of our file: 2026-09-07T01:01:46.000Z
2026-09-07 03:34:59.773   Installing the file.
2026-09-07 03:34:59.785   Successfully installed the file.
2026-09-07 03:34:59.786   -- File entry --
2026-09-07 03:34:59.786   Dest filename: \\?\C:\ProgramData\AmbientSynth\Packs\Hull-Rumble.ambientpack
2026-09-07 03:34:59.786   Time stamp of our file: 2026-09-07T00:44:54.000Z
2026-09-07 03:34:59.786   Installing the file.
2026-09-07 03:34:59.796   Successfully installed the file.
2026-09-07 03:34:59.797   -- File entry --
2026-09-07 03:34:59.797   Dest filename: \\?\C:\ProgramData\AmbientSynth\Packs\Loop-Studio.ambientpack
2026-09-07 03:34:59.797   Time stamp of our file: 2026-09-07T00:44:54.000Z
2026-09-07 03:34:59.797   Installing the file.
2026-09-07 03:34:59.807   Successfully installed the file.
2026-09-07 03:34:59.808   -- File entry --
2026-09-07 03:34:59.808   Dest filename: \\?\C:\ProgramData\AmbientSynth\Packs\Millstone.ambientpack
2026-09-07 03:34:59.808   Time stamp of our file: 2026-09-07T00:44:54.000Z
2026-09-07 03:34:59.808   Installing the file.
2026-09-07 03:34:59.818   Successfully installed the file.
2026-09-07 03:34:59.818   -- File entry --
2026-09-07 03:34:59.818   Dest filename: \\?\C:\ProgramData\AmbientSynth\Packs\Modular-Nocturne.ambientpack
2026-09-07 03:34:59.818   Time stamp of our file: 2026-09-07T00:44:54.000Z
2026-09-07 03:34:59.818   Installing the file.
2026-09-07 03:34:59.829   Successfully installed the file.
2026-09-07 03:34:59.829   -- File entry --
2026-09-07 03:34:59.829   Dest filename: \\?\C:\ProgramData\AmbientSynth\Packs\Northern-Dark.ambientpack
2026-09-07 03:34:59.829   Time stamp of our file: 2026-09-07T00:44:54.000Z
2026-09-07 03:34:59.829   Installing the file.
2026-09-07 03:34:59.842   Successfully installed the file.
2026-09-07 03:34:59.842   -- File entry --
2026-09-07 03:34:59.842   Dest filename: \\?\C:\ProgramData\AmbientSynth\Packs\Own-Tuning.ambientpack
2026-09-07 03:34:59.842   Time stamp of our file: 2026-09-07T00:44:54.000Z
2026-09-07 03:34:59.842   Installing the file.
2026-09-07 03:34:59.852   Successfully installed the file.
2026-09-07 03:34:59.852   -- File entry --
2026-09-07 03:34:59.852   Dest filename: \\?\C:\ProgramData\AmbientSynth\Packs\Painted-Field.ambientpack
2026-09-07 03:34:59.852   Time stamp of our file: 2026-09-07T00:44:54.000Z
2026-09-07 03:34:59.852   Installing the file.
2026-09-07 03:34:59.861   Successfully installed the file.
2026-09-07 03:34:59.861   -- File entry --
2026-09-07 03:34:59.861   Dest filename: \\?\C:\ProgramData\AmbientSynth\Packs\Permafrost.ambientpack
2026-09-07 03:34:59.861   Time stamp of our file: 2026-09-07T00:44:54.000Z
2026-09-07 03:34:59.861   Installing the file.
2026-09-07 03:34:59.870   Successfully installed the file.
2026-09-07 03:34:59.870   -- File entry --
2026-09-07 03:34:59.870   Dest filename: \\?\C:\ProgramData\AmbientSynth\Packs\Planetary.ambientpack
2026-09-07 03:34:59.870   Time stamp of our file: 2026-09-07T00:44:54.000Z
2026-09-07 03:34:59.870   Installing the file.
2026-09-07 03:34:59.879   Successfully installed the file.
2026-09-07 03:34:59.879   -- File entry --
2026-09-07 03:34:59.879   Dest filename: \\?\C:\ProgramData\AmbientSynth\Packs\Ritual-Machine.ambientpack
2026-09-07 03:34:59.879   Time stamp of our file: 2026-09-07T00:44:54.000Z
2026-09-07 03:34:59.879   Installing the file.
2026-09-07 03:34:59.887   Successfully installed the file.
2026-09-07 03:34:59.887   -- File entry --
2026-09-07 03:34:59.888   Dest filename: \\?\C:\ProgramData\AmbientSynth\Packs\Rosin-and-Wire.ambientpack
2026-09-07 03:34:59.888   Time stamp of our file: 2026-09-07T01:01:46.000Z
2026-09-07 03:34:59.888   Installing the file.
2026-09-07 03:34:59.897   Successfully installed the file.
2026-09-07 03:34:59.897   -- File entry --
2026-09-07 03:34:59.897   Dest filename: \\?\C:\ProgramData\AmbientSynth\Packs\Sleep-Concert.ambientpack
2026-09-07 03:34:59.897   Time stamp of our file: 2026-09-07T00:44:54.000Z
2026-09-07 03:34:59.897   Installing the file.
2026-09-07 03:34:59.905   Successfully installed the file.
2026-09-07 03:34:59.905   -- File entry --
2026-09-07 03:34:59.905   Dest filename: \\?\C:\ProgramData\AmbientSynth\Packs\Slow-Carousel.ambientpack
2026-09-07 03:34:59.905   Time stamp of our file: 2026-09-07T00:44:54.000Z
2026-09-07 03:34:59.905   Installing the file.
2026-09-07 03:34:59.913   Successfully installed the file.
2026-09-07 03:34:59.913   -- File entry --
2026-09-07 03:34:59.913   Dest filename: \\?\C:\ProgramData\AmbientSynth\Packs\Strings-at-Rest.ambientpack
2026-09-07 03:34:59.913   Time stamp of our file: 2026-09-07T00:44:54.000Z
2026-09-07 03:34:59.913   Installing the file.
2026-09-07 03:34:59.921   Successfully installed the file.
2026-09-07 03:34:59.921   -- File entry --
2026-09-07 03:34:59.921   Dest filename: \\?\C:\ProgramData\AmbientSynth\Packs\Struck-Bodies.ambientpack
2026-09-07 03:34:59.921   Time stamp of our file: 2026-09-07T00:44:54.000Z
2026-09-07 03:34:59.921   Installing the file.
2026-09-07 03:34:59.929   Successfully installed the file.
2026-09-07 03:34:59.929   -- File entry --
2026-09-07 03:34:59.929   Dest filename: \\?\C:\ProgramData\AmbientSynth\Packs\Sustain.ambientpack
2026-09-07 03:34:59.930   Time stamp of our file: 2026-09-07T00:44:54.000Z
2026-09-07 03:34:59.930   Installing the file.
2026-09-07 03:34:59.937   Successfully installed the file.
2026-09-07 03:34:59.937   -- File entry --
2026-09-07 03:34:59.937   Dest filename: \\?\C:\ProgramData\AmbientSynth\Packs\Tape-Saturation.ambientpack
2026-09-07 03:34:59.937   Time stamp of our file: 2026-09-07T00:44:54.000Z
2026-09-07 03:34:59.937   Installing the file.
2026-09-07 03:34:59.944   Successfully installed the file.
2026-09-07 03:34:59.944   -- File entry --
2026-09-07 03:34:59.944   Dest filename: \\?\C:\ProgramData\AmbientSynth\Packs\Temple-of-Air.ambientpack
2026-09-07 03:34:59.947   Time stamp of our file: 2026-09-07T00:44:54.000Z
2026-09-07 03:34:59.947   Installing the file.
2026-09-07 03:34:59.954   Successfully installed the file.
2026-09-07 03:34:59.954   -- File entry --
2026-09-07 03:34:59.954   Dest filename: \\?\C:\ProgramData\AmbientSynth\Packs\Three-Alike.ambientpack
2026-09-07 03:34:59.954   Time stamp of our file: 2026-09-07T00:44:54.000Z
2026-09-07 03:34:59.954   Installing the file.
2026-09-07 03:34:59.962   Successfully installed the file.
2026-09-07 03:34:59.962   -- File entry --
2026-09-07 03:34:59.962   Dest filename: \\?\C:\ProgramData\AmbientSynth\Packs\Turning-Harmony.ambientpack
2026-09-07 03:34:59.962   Time stamp of our file: 2026-09-07T00:44:54.000Z
2026-09-07 03:34:59.962   Installing the file.
2026-09-07 03:34:59.970   Successfully installed the file.
2026-09-07 03:34:59.970   -- File entry --
2026-09-07 03:34:59.970   Dest filename: \\?\C:\ProgramData\AmbientSynth\Packs\Vast-Chord.ambientpack
2026-09-07 03:34:59.971   Time stamp of our file: 2026-09-07T00:44:54.000Z
2026-09-07 03:34:59.971   Installing the file.
2026-09-07 03:34:59.980   Successfully installed the file.
2026-09-07 03:34:59.980   -- File entry --
2026-09-07 03:34:59.980   Dest filename: \\?\C:\ProgramData\AmbientSynth\Packs\Void-Station.ambientpack
2026-09-07 03:34:59.980   Time stamp of our file: 2026-09-07T00:44:54.000Z
2026-09-07 03:34:59.980   Installing the file.
2026-09-07 03:34:59.991   Successfully installed the file.
2026-09-07 03:34:59.991   -- Icon entry --
2026-09-07 03:34:59.991   Dest filename: C:\ProgramData\Microsoft\Windows\Start Menu\Programs\AmbientSynth\AmbientSynth.lnk
2026-09-07 03:34:59.991   Creating directory: C:\ProgramData\Microsoft\Windows\Start Menu\Programs\AmbientSynth
2026-09-07 03:35:00.423   Creating the icon.
2026-09-07 03:35:00.482   Successfully created the icon.
2026-09-07 03:35:00.529   -- Icon entry --
2026-09-07 03:35:00.529   Dest filename: C:\ProgramData\Microsoft\Windows\Start Menu\Programs\AmbientSynth\Manual.lnk
2026-09-07 03:35:00.529   Creating the icon.
2026-09-07 03:35:00.531   Successfully created the icon.
2026-09-07 03:35:00.726   -- Icon entry --
2026-09-07 03:35:00.726   Dest filename: C:\ProgramData\Microsoft\Windows\Start Menu\Programs\AmbientSynth\AmbientSynth entfernen.lnk
2026-09-07 03:35:00.727   Creating the icon.
2026-09-07 03:35:00.785   Successfully created the icon.
2026-09-07 03:35:00.891   Saving uninstall information.
2026-09-07 03:35:00.891   Creating new uninstall key: HKEY_LOCAL_MACHINE\Software\Microsoft\Windows\CurrentVersion\Uninstall\{7C3B9E14-5A2D-4C88-9E1F-2B6A0D5F3A41}_is1
2026-09-07 03:35:00.891   Writing uninstall key values.
2026-09-07 03:35:00.893   Detected previous non administrative install? No
2026-09-07 03:35:00.893   Detected previous administrative 32-bit install? No
2026-09-07 03:35:00.895   Installation process succeeded.
2026-09-07 03:35:00.895   Need to restart Windows? No
2026-09-07 03:35:00.898   Deinitializing Setup.
2026-09-07 03:35:00.912   Log closed.
